CPU ERROR: An exception occured while exceptions were disabled.
e0 = 0x00000000  e1 = 0x00000000  e2 = 0x80100000  e3 = 0x00000033
     (Shadow PC)      (INT mask)       (TLB addr)       (Exception)

ERROR: Exception occured with exceptions disabled.
