CPU ERROR: An exception occured while exceptions were disabled.
e0 = 0x80000014  e1 = 0x00000000  e2 = 0x00000000  e3 = 0x000000a2
     (Shadow PC)      (INT mask)       (TLB addr)       (Exception)

ERROR: Exception occured with exceptions disabled.
